{"layer": 0, "status": "complete", "core_bytes": 130244608, "tail_bytes": 18149376, "records": 384}
{"layer": 1, "status": "complete", "core_bytes": 261742592, "tail_bytes": 37126144, "records": 768}
{"layer": 2, "status": "complete", "core_bytes": 393338880, "tail_bytes": 56049664, "records": 1152}
{"layer": 3, "status": "complete", "core_bytes": 525074432, "tail_bytes": 75034624, "records": 1536}
{"layer": 4, "status": "complete", "core_bytes": 656723968, "tail_bytes": 93949952, "records": 1920}
{"layer": 5, "status": "complete", "core_bytes": 788373504, "tail_bytes": 112832512, "records": 2304}
{"layer": 6, "status": "complete", "core_bytes": 920367104, "tail_bytes": 131895296, "records": 2688}
{"layer": 7, "status": "complete", "core_bytes": 1052401664, "tail_bytes": 150945792, "records": 3072}
{"layer": 8, "status": "complete", "core_bytes": 1184112640, "tail_bytes": 169955328, "records": 3456}
{"layer": 9, "status": "complete", "core_bytes": 1315852288, "tail_bytes": 188973056, "records": 3840}
{"layer": 10, "status": "complete", "core_bytes": 1447587840, "tail_bytes": 207970304, "records": 4224}
{"layer": 11, "status": "complete", "core_bytes": 1579339776, "tail_bytes": 226914304, "records": 4608}
{"layer": 12, "status": "complete", "core_bytes": 1711136768, "tail_bytes": 245899264, "records": 4992}
{"layer": 13, "status": "complete", "core_bytes": 1842786304, "tail_bytes": 264814592, "records": 5376}
{"layer": 14, "status": "complete", "core_bytes": 1974423552, "tail_bytes": 283754496, "records": 5760}
{"layer": 15, "status": "complete", "core_bytes": 2106187776, "tail_bytes": 302776320, "records": 6144}
{"layer": 16, "status": "complete", "core_bytes": 2237923328, "tail_bytes": 321806336, "records": 6528}
{"layer": 17, "status": "complete", "core_bytes": 2369671168, "tail_bytes": 340856832, "records": 6912}
{"layer": 18, "status": "complete", "core_bytes": 2501488640, "tail_bytes": 359837696, "records": 7296}
{"layer": 19, "status": "complete", "core_bytes": 2633302016, "tail_bytes": 378851328, "records": 7680}
{"layer": 20, "status": "complete", "core_bytes": 2764886016, "tail_bytes": 397815808, "records": 8064}
{"layer": 21, "status": "complete", "core_bytes": 2896478208, "tail_bytes": 416780288, "records": 8448}
{"layer": 22, "status": "complete", "core_bytes": 3028008960, "tail_bytes": 435666944, "records": 8832}
{"layer": 23, "status": "complete", "core_bytes": 3159502848, "tail_bytes": 454533120, "records": 9216}
{"layer": 24, "status": "complete", "core_bytes": 3291049984, "tail_bytes": 473440256, "records": 9600}
{"layer": 25, "status": "complete", "core_bytes": 3422486528, "tail_bytes": 492273664, "records": 9984}
{"layer": 26, "status": "complete", "core_bytes": 3554000896, "tail_bytes": 511131648, "records": 10368}
{"layer": 27, "status": "complete", "core_bytes": 3685605376, "tail_bytes": 530055168, "records": 10752}
{"layer": 28, "status": "complete", "core_bytes": 3817213952, "tail_bytes": 548982784, "records": 11136}
{"layer": 29, "status": "complete", "core_bytes": 3948810240, "tail_bytes": 567930880, "records": 11520}
{"layer": 30, "status": "complete", "core_bytes": 4080627712, "tail_bytes": 586895360, "records": 11904}
{"layer": 31, "status": "complete", "core_bytes": 4212535296, "tail_bytes": 605884416, "records": 12288}
{"layer": 32, "status": "complete", "core_bytes": 4344184832, "tail_bytes": 624820224, "records": 12672}
{"layer": 33, "status": "complete", "core_bytes": 4475781120, "tail_bytes": 643760128, "records": 13056}
{"layer": 34, "status": "complete", "core_bytes": 4607279104, "tail_bytes": 662622208, "records": 13440}
{"layer": 35, "status": "complete", "core_bytes": 4738732032, "tail_bytes": 681492480, "records": 13824}
{"layer": 36, "status": "complete", "core_bytes": 4870234112, "tail_bytes": 700379136, "records": 14208}
{"layer": 37, "status": "complete", "core_bytes": 5001572352, "tail_bytes": 719134720, "records": 14592}
{"layer": 38, "status": "complete", "core_bytes": 5133037568, "tail_bytes": 737943552, "records": 14976}
{"layer": 39, "status": "complete", "core_bytes": 5264510976, "tail_bytes": 756756480, "records": 15360}
{"layer": 40, "status": "complete", "core_bytes": 5395959808, "tail_bytes": 775577600, "records": 15744}
{"layer": 41, "status": "complete", "core_bytes": 5527310336, "tail_bytes": 794370048, "records": 16128}
{"layer": 42, "status": "complete", "core_bytes": 5658783744, "tail_bytes": 813223936, "records": 16512}
{"layer": 43, "status": "complete", "core_bytes": 5790384128, "tail_bytes": 832151552, "records": 16896}
{"layer": 44, "status": "complete", "core_bytes": 5921976320, "tail_bytes": 851124224, "records": 17280}
{"layer": 45, "status": "complete", "core_bytes": 6053847040, "tail_bytes": 870219776, "records": 17664}
{"layer": 46, "status": "complete", "core_bytes": 6185598976, "tail_bytes": 889200640, "records": 18048}
{"layer": 47, "status": "complete", "core_bytes": 6317056000, "tail_bytes": 908083200, "records": 18432}
{
  "status": "physical_format_built_pending_independent_verification",
  "format_gates": "7/7",
  "core_gib": 5.883216857910156,
  "tail_gib": 0.8457183837890625,
  "resident_gib": 7.725844383239746
}
