{"layer": 0, "codes_exact": true, "scales_exact": true}
{"layer": 1, "codes_exact": true, "scales_exact": true}
{"layer": 2, "codes_exact": true, "scales_exact": true}
{"layer": 3, "codes_exact": true, "scales_exact": true}
{"layer": 4, "codes_exact": true, "scales_exact": true}
{"layer": 5, "codes_exact": true, "scales_exact": true}
{"layer": 6, "codes_exact": true, "scales_exact": true}
{"layer": 7, "codes_exact": true, "scales_exact": true}
{"layer": 8, "codes_exact": true, "scales_exact": true}
{"layer": 9, "codes_exact": true, "scales_exact": true}
{"layer": 10, "codes_exact": true, "scales_exact": true}
{"layer": 11, "codes_exact": true, "scales_exact": true}
{"layer": 12, "codes_exact": true, "scales_exact": true}
{"layer": 13, "codes_exact": true, "scales_exact": true}
{"layer": 14, "codes_exact": true, "scales_exact": true}
{"layer": 15, "codes_exact": true, "scales_exact": true}
{"layer": 16, "codes_exact": true, "scales_exact": true}
{"layer": 17, "codes_exact": true, "scales_exact": true}
{"layer": 18, "codes_exact": true, "scales_exact": true}
{"layer": 19, "codes_exact": true, "scales_exact": true}
{"layer": 20, "codes_exact": true, "scales_exact": true}
{"layer": 21, "codes_exact": true, "scales_exact": true}
{"layer": 22, "codes_exact": true, "scales_exact": true}
{"layer": 23, "codes_exact": true, "scales_exact": true}
{"layer": 24, "codes_exact": true, "scales_exact": true}
{"layer": 25, "codes_exact": true, "scales_exact": true}
{"layer": 26, "codes_exact": true, "scales_exact": true}
{"layer": 27, "codes_exact": true, "scales_exact": true}
{"layer": 28, "codes_exact": true, "scales_exact": true}
{"layer": 29, "codes_exact": true, "scales_exact": true}
{"layer": 30, "codes_exact": true, "scales_exact": true}
{"layer": 31, "codes_exact": true, "scales_exact": true}
{"layer": 32, "codes_exact": true, "scales_exact": true}
{"layer": 33, "codes_exact": true, "scales_exact": true}
{"layer": 34, "codes_exact": true, "scales_exact": true}
{"layer": 35, "codes_exact": true, "scales_exact": true}
{"layer": 36, "codes_exact": true, "scales_exact": true}
{"layer": 37, "codes_exact": true, "scales_exact": true}
{"layer": 38, "codes_exact": true, "scales_exact": true}
{"layer": 39, "codes_exact": true, "scales_exact": true}
{"layer": 40, "codes_exact": true, "scales_exact": true}
{"layer": 41, "codes_exact": true, "scales_exact": true}
{"layer": 42, "codes_exact": true, "scales_exact": true}
{"layer": 43, "codes_exact": true, "scales_exact": true}
{"layer": 44, "codes_exact": true, "scales_exact": true}
{"layer": 45, "codes_exact": true, "scales_exact": true}
{"layer": 46, "codes_exact": true, "scales_exact": true}
{"layer": 47, "codes_exact": true, "scales_exact": true}
{
  "status": "p0_pass",
  "checks": "26/26",
  "core_gib": 5.883216857910156,
  "tail_gib": 0.8457183837890625,
  "resident_gib": 7.725844383239746
}
